target: daily baseload
fit window: 2012-01-16 -> 2015-01-04 (1085 days)
validation: 2015-01-05 -> 2016-01-03 (364 days)
test period untouched, starts 2016-01-04

python.exe : [I 2026-08-04 05:49:27,055] A new study created in RDB with name: lightgbm_daily_v1
At line:2 char:1
+ & ./.venv/Scripts/python.exe scripts/tune_daily.py *> $log
+ ~~~~~~~~~~~~~~~~~~~~~~~~~~~~~~~~~~~~~~~~~~~~~~~~~~~~~~~~~~
    + CategoryInfo          : NotSpecified: ([I 2026-08-04 0...ghtgbm_daily_v1:String) [], RemoteException
    + FullyQualifiedErrorId : NativeCommandError
 
[DailyLightGBM] 0 finished trials in storage, 50 to run
C:\Users\win-10\Desktop\Thesis Project\Programming Workspace\.venv\Lib\site-packages\sklearn\utils\validation.py:2827: UserWarning: X does not have valid feature names, but LGBMRegressor was fitted with feature names
  warnings.warn(
[DailyLightGBM] trial  0: MAE=2.8495 (0s)
C:\Users\win-10\Desktop\Thesis Project\Programming Workspace\.venv\Lib\site-packages\sklearn\utils\validation.py:2827: UserWarning: X does not have valid feature names, but LGBMRegressor was fitted with feature names
  warnings.warn(
[DailyLightGBM] trial  1: MAE=2.9627 (1s)
C:\Users\win-10\Desktop\Thesis Project\Programming Workspace\.venv\Lib\site-packages\sklearn\utils\validation.py:2827: UserWarning: X does not have valid feature names, but LGBMRegressor was fitted with feature names
  warnings.warn(
[DailyLightGBM] trial  2: MAE=2.6933 (2s)
C:\Users\win-10\Desktop\Thesis Project\Programming Workspace\.venv\Lib\site-packages\sklearn\utils\validation.py:2827: UserWarning: X does not have valid feature names, but LGBMRegressor was fitted with feature names
  warnings.warn(
[DailyLightGBM] trial  3: MAE=2.8428 (0s)
C:\Users\win-10\Desktop\Thesis Project\Programming Workspace\.venv\Lib\site-packages\sklearn\utils\validation.py:2827: UserWarning: X does not have valid feature names, but LGBMRegressor was fitted with feature names
  warnings.warn(
[DailyLightGBM] trial  4: MAE=2.7694 (0s)
C:\Users\win-10\Desktop\Thesis Project\Programming Workspace\.venv\Lib\site-packages\sklearn\utils\validation.py:2827: UserWarning: X does not have valid feature names, but LGBMRegressor was fitted with feature names
  warnings.warn(
[DailyLightGBM] trial  5: MAE=2.7067 (1s)
C:\Users\win-10\Desktop\Thesis Project\Programming Workspace\.venv\Lib\site-packages\sklearn\utils\validation.py:2827: UserWarning: X does not have valid feature names, but LGBMRegressor was fitted with feature names
  warnings.warn(
[DailyLightGBM] trial  6: MAE=2.9048 (1s)
C:\Users\win-10\Desktop\Thesis Project\Programming Workspace\.venv\Lib\site-packages\sklearn\utils\validation.py:2827: UserWarning: X does not have valid feature names, but LGBMRegressor was fitted with feature names
  warnings.warn(
[DailyLightGBM] trial  7: MAE=2.7033 (2s)
C:\Users\win-10\Desktop\Thesis Project\Programming Workspace\.venv\Lib\site-packages\sklearn\utils\validation.py:2827: UserWarning: X does not have valid feature names, but LGBMRegressor was fitted with feature names
  warnings.warn(
[DailyLightGBM] trial  8: MAE=2.9399 (0s)
C:\Users\win-10\Desktop\Thesis Project\Programming Workspace\.venv\Lib\site-packages\sklearn\utils\validation.py:2827: UserWarning: X does not have valid feature names, but LGBMRegressor was fitted with feature names
  warnings.warn(
[DailyLightGBM] trial  9: MAE=2.7426 (1s)
C:\Users\win-10\Desktop\Thesis Project\Programming Workspace\.venv\Lib\site-packages\sklearn\utils\validation.py:2827: UserWarning: X does not have valid feature names, but LGBMRegressor was fitted with feature names
  warnings.warn(
[DailyLightGBM] trial 10: MAE=2.8303 (11s)
C:\Users\win-10\Desktop\Thesis Project\Programming Workspace\.venv\Lib\site-packages\sklearn\utils\validation.py:2827: UserWarning: X does not have valid feature names, but LGBMRegressor was fitted with feature names
  warnings.warn(
[DailyLightGBM] trial 11: MAE=2.7025 (3s)
C:\Users\win-10\Desktop\Thesis Project\Programming Workspace\.venv\Lib\site-packages\sklearn\utils\validation.py:2827: UserWarning: X does not have valid feature names, but LGBMRegressor was fitted with feature names
  warnings.warn(
[DailyLightGBM] trial 12: MAE=2.7805 (2s)
C:\Users\win-10\Desktop\Thesis Project\Programming Workspace\.venv\Lib\site-packages\sklearn\utils\validation.py:2827: UserWarning: X does not have valid feature names, but LGBMRegressor was fitted with feature names
  warnings.warn(
[DailyLightGBM] trial 13: MAE=2.7345 (1s)
C:\Users\win-10\Desktop\Thesis Project\Programming Workspace\.venv\Lib\site-packages\sklearn\utils\validation.py:2827: UserWarning: X does not have valid feature names, but LGBMRegressor was fitted with feature names
  warnings.warn(
[DailyLightGBM] trial 14: MAE=2.9130 (0s)
C:\Users\win-10\Desktop\Thesis Project\Programming Workspace\.venv\Lib\site-packages\sklearn\utils\validation.py:2827: UserWarning: X does not have valid feature names, but LGBMRegressor was fitted with feature names
  warnings.warn(
[DailyLightGBM] trial 15: MAE=2.6785 (4s)
C:\Users\win-10\Desktop\Thesis Project\Programming Workspace\.venv\Lib\site-packages\sklearn\utils\validation.py:2827: UserWarning: X does not have valid feature names, but LGBMRegressor was fitted with feature names
  warnings.warn(
[DailyLightGBM] trial 16: MAE=2.6590 (2s)
C:\Users\win-10\Desktop\Thesis Project\Programming Workspace\.venv\Lib\site-packages\sklearn\utils\validation.py:2827: UserWarning: X does not have valid feature names, but LGBMRegressor was fitted with feature names
  warnings.warn(
[DailyLightGBM] trial 17: MAE=2.6545 (2s)
C:\Users\win-10\Desktop\Thesis Project\Programming Workspace\.venv\Lib\site-packages\sklearn\utils\validation.py:2827: UserWarning: X does not have valid feature names, but LGBMRegressor was fitted with feature names
  warnings.warn(
[DailyLightGBM] trial 18: MAE=2.6679 (2s)
C:\Users\win-10\Desktop\Thesis Project\Programming Workspace\.venv\Lib\site-packages\sklearn\utils\validation.py:2827: UserWarning: X does not have valid feature names, but LGBMRegressor was fitted with feature names
  warnings.warn(
[DailyLightGBM] trial 19: MAE=2.6462 (2s)
C:\Users\win-10\Desktop\Thesis Project\Programming Workspace\.venv\Lib\site-packages\sklearn\utils\validation.py:2827: UserWarning: X does not have valid feature names, but LGBMRegressor was fitted with feature names
  warnings.warn(
[DailyLightGBM] trial 20: MAE=2.6823 (2s)
C:\Users\win-10\Desktop\Thesis Project\Programming Workspace\.venv\Lib\site-packages\sklearn\utils\validation.py:2827: UserWarning: X does not have valid feature names, but LGBMRegressor was fitted with feature names
  warnings.warn(
[DailyLightGBM] trial 21: MAE=2.6598 (2s)
C:\Users\win-10\Desktop\Thesis Project\Programming Workspace\.venv\Lib\site-packages\sklearn\utils\validation.py:2827: UserWarning: X does not have valid feature names, but LGBMRegressor was fitted with feature names
  warnings.warn(
[DailyLightGBM] trial 22: MAE=2.6836 (2s)
C:\Users\win-10\Desktop\Thesis Project\Programming Workspace\.venv\Lib\site-packages\sklearn\utils\validation.py:2827: UserWarning: X does not have valid feature names, but LGBMRegressor was fitted with feature names
  warnings.warn(
[DailyLightGBM] trial 23: MAE=2.6563 (3s)
C:\Users\win-10\Desktop\Thesis Project\Programming Workspace\.venv\Lib\site-packages\sklearn\utils\validation.py:2827: UserWarning: X does not have valid feature names, but LGBMRegressor was fitted with feature names
  warnings.warn(
[DailyLightGBM] trial 24: MAE=2.6274 (4s)
C:\Users\win-10\Desktop\Thesis Project\Programming Workspace\.venv\Lib\site-packages\sklearn\utils\validation.py:2827: UserWarning: X does not have valid feature names, but LGBMRegressor was fitted with feature names
  warnings.warn(
[DailyLightGBM] trial 25: MAE=2.6287 (4s)
C:\Users\win-10\Desktop\Thesis Project\Programming Workspace\.venv\Lib\site-packages\sklearn\utils\validation.py:2827: UserWarning: X does not have valid feature names, but LGBMRegressor was fitted with feature names
  warnings.warn(
[DailyLightGBM] trial 26: MAE=2.6215 (4s)
C:\Users\win-10\Desktop\Thesis Project\Programming Workspace\.venv\Lib\site-packages\sklearn\utils\validation.py:2827: UserWarning: X does not have valid feature names, but LGBMRegressor was fitted with feature names
  warnings.warn(
[DailyLightGBM] trial 27: MAE=2.6586 (4s)
C:\Users\win-10\Desktop\Thesis Project\Programming Workspace\.venv\Lib\site-packages\sklearn\utils\validation.py:2827: UserWarning: X does not have valid feature names, but LGBMRegressor was fitted with feature names
  warnings.warn(
[DailyLightGBM] trial 28: MAE=2.6960 (7s)
C:\Users\win-10\Desktop\Thesis Project\Programming Workspace\.venv\Lib\site-packages\sklearn\utils\validation.py:2827: UserWarning: X does not have valid feature names, but LGBMRegressor was fitted with feature names
  warnings.warn(
[DailyLightGBM] trial 29: MAE=2.6730 (4s)
C:\Users\win-10\Desktop\Thesis Project\Programming Workspace\.venv\Lib\site-packages\sklearn\utils\validation.py:2827: UserWarning: X does not have valid feature names, but LGBMRegressor was fitted with feature names
  warnings.warn(
[DailyLightGBM] trial 30: MAE=2.6711 (2s)
C:\Users\win-10\Desktop\Thesis Project\Programming Workspace\.venv\Lib\site-packages\sklearn\utils\validation.py:2827: UserWarning: X does not have valid feature names, but LGBMRegressor was fitted with feature names
  warnings.warn(
[DailyLightGBM] trial 31: MAE=2.7238 (1s)
C:\Users\win-10\Desktop\Thesis Project\Programming Workspace\.venv\Lib\site-packages\sklearn\utils\validation.py:2827: UserWarning: X does not have valid feature names, but LGBMRegressor was fitted with feature names
  warnings.warn(
[DailyLightGBM] trial 32: MAE=2.6248 (3s)
C:\Users\win-10\Desktop\Thesis Project\Programming Workspace\.venv\Lib\site-packages\sklearn\utils\validation.py:2827: UserWarning: X does not have valid feature names, but LGBMRegressor was fitted with feature names
  warnings.warn(
[DailyLightGBM] trial 33: MAE=2.6103 (3s)
C:\Users\win-10\Desktop\Thesis Project\Programming Workspace\.venv\Lib\site-packages\sklearn\utils\validation.py:2827: UserWarning: X does not have valid feature names, but LGBMRegressor was fitted with feature names
  warnings.warn(
[DailyLightGBM] trial 34: MAE=2.6402 (5s)
C:\Users\win-10\Desktop\Thesis Project\Programming Workspace\.venv\Lib\site-packages\sklearn\utils\validation.py:2827: UserWarning: X does not have valid feature names, but LGBMRegressor was fitted with feature names
  warnings.warn(
[DailyLightGBM] trial 35: MAE=2.6708 (2s)
C:\Users\win-10\Desktop\Thesis Project\Programming Workspace\.venv\Lib\site-packages\sklearn\utils\validation.py:2827: UserWarning: X does not have valid feature names, but LGBMRegressor was fitted with feature names
  warnings.warn(
[DailyLightGBM] trial 36: MAE=2.6324 (2s)
C:\Users\win-10\Desktop\Thesis Project\Programming Workspace\.venv\Lib\site-packages\sklearn\utils\validation.py:2827: UserWarning: X does not have valid feature names, but LGBMRegressor was fitted with feature names
  warnings.warn(
[DailyLightGBM] trial 37: MAE=2.6530 (2s)
C:\Users\win-10\Desktop\Thesis Project\Programming Workspace\.venv\Lib\site-packages\sklearn\utils\validation.py:2827: UserWarning: X does not have valid feature names, but LGBMRegressor was fitted with feature names
  warnings.warn(
[DailyLightGBM] trial 38: MAE=2.6808 (5s)
C:\Users\win-10\Desktop\Thesis Project\Programming Workspace\.venv\Lib\site-packages\sklearn\utils\validation.py:2827: UserWarning: X does not have valid feature names, but LGBMRegressor was fitted with feature names
  warnings.warn(
[DailyLightGBM] trial 39: MAE=2.6217 (2s)
C:\Users\win-10\Desktop\Thesis Project\Programming Workspace\.venv\Lib\site-packages\sklearn\utils\validation.py:2827: UserWarning: X does not have valid feature names, but LGBMRegressor was fitted with feature names
  warnings.warn(
[DailyLightGBM] trial 40: MAE=2.6234 (2s)
C:\Users\win-10\Desktop\Thesis Project\Programming Workspace\.venv\Lib\site-packages\sklearn\utils\validation.py:2827: UserWarning: X does not have valid feature names, but LGBMRegressor was fitted with feature names
  warnings.warn(
[DailyLightGBM] trial 41: MAE=2.6651 (2s)
C:\Users\win-10\Desktop\Thesis Project\Programming Workspace\.venv\Lib\site-packages\sklearn\utils\validation.py:2827: UserWarning: X does not have valid feature names, but LGBMRegressor was fitted with feature names
  warnings.warn(
[DailyLightGBM] trial 42: MAE=2.7506 (1s)
C:\Users\win-10\Desktop\Thesis Project\Programming Workspace\.venv\Lib\site-packages\sklearn\utils\validation.py:2827: UserWarning: X does not have valid feature names, but LGBMRegressor was fitted with feature names
  warnings.warn(
[DailyLightGBM] trial 43: MAE=2.7195 (1s)
C:\Users\win-10\Desktop\Thesis Project\Programming Workspace\.venv\Lib\site-packages\sklearn\utils\validation.py:2827: UserWarning: X does not have valid feature names, but LGBMRegressor was fitted with feature names
  warnings.warn(
[DailyLightGBM] trial 44: MAE=2.7654 (2s)
C:\Users\win-10\Desktop\Thesis Project\Programming Workspace\.venv\Lib\site-packages\sklearn\utils\validation.py:2827: UserWarning: X does not have valid feature names, but LGBMRegressor was fitted with feature names
  warnings.warn(
[DailyLightGBM] trial 45: MAE=2.6895 (1s)
C:\Users\win-10\Desktop\Thesis Project\Programming Workspace\.venv\Lib\site-packages\sklearn\utils\validation.py:2827: UserWarning: X does not have valid feature names, but LGBMRegressor was fitted with feature names
  warnings.warn(
[DailyLightGBM] trial 46: MAE=3.0429 (3s)
C:\Users\win-10\Desktop\Thesis Project\Programming Workspace\.venv\Lib\site-packages\sklearn\utils\validation.py:2827: UserWarning: X does not have valid feature names, but LGBMRegressor was fitted with feature names
  warnings.warn(
[DailyLightGBM] trial 47: MAE=2.6524 (1s)
C:\Users\win-10\Desktop\Thesis Project\Programming Workspace\.venv\Lib\site-packages\sklearn\utils\validation.py:2827: UserWarning: X does not have valid feature names, but LGBMRegressor was fitted with feature names
  warnings.warn(
[DailyLightGBM] trial 48: MAE=2.7837 (1s)
C:\Users\win-10\Desktop\Thesis Project\Programming Workspace\.venv\Lib\site-packages\sklearn\utils\validation.py:2827: UserWarning: X does not have valid feature names, but LGBMRegressor was fitted with feature names
  warnings.warn(
[DailyLightGBM] trial 49: MAE=2.6577 (2s)
[DailyLightGBM] best MAE=2.6103 -> C:\Users\win-10\Desktop\Thesis Project\Programming Workspace\configs\tuned\daily_lightgbm_params.yaml
[DailyLSTM] 0 finished trials in storage, 50 to run
WARNING: All log messages before absl::InitializeLog() is called are written to STDERR
I0000 00:00:1785810085.261345   13772 port.cc:153] oneDNN custom operations are on. You may see slightly different numerical results due to floating-point round-off errors from different computation orders. To turn them off, set the environment variable `TF_ENABLE_ONEDNN_OPTS=0`.
WARNING: All log messages before absl::InitializeLog() is called are written to STDERR
I0000 00:00:1785810086.785860   13772 port.cc:153] oneDNN custom operations are on. You may see slightly different numerical results due to floating-point round-off errors from different computation orders. To turn them off, set the environment variable `TF_ENABLE_ONEDNN_OPTS=0`.
WARNING:tensorflow:TensorFlow GPU support is not available on native Windows for TensorFlow >= 2.11. Even if CUDA/cuDNN are installed, GPU will not be used. Please use WSL2 or the TensorFlow-DirectML plugin.
E0000 00:00:1785810087.671032   13772 node_def_util.cc:682] NodeDef mentions attribute use_unbounded_threadpool which is not in the op definition: Op<name=MapDataset; signature=input_dataset:variant, other_arguments: -> handle:variant; attr=f:func; attr=Targuments:list(type),min=0; 
attr=output_types:list(type),min=1; attr=output_shapes:list(shape),min=1; attr=use_inter_op_parallelism:bool,default=true; attr=preserve_cardinality:bool,default=false; attr=force_synchronous:bool,default=false; attr=metadata:string,default=""> This may be expected if your graph generating binary is newer  than 
this binary. Unknown attributes will be ignored. NodeDef: {{node ParallelMapDatasetV2/_16}}
E0000 00:00:1785810100.551715   13772 node_def_util.cc:682] NodeDef mentions attribute use_unbounded_threadpool which is not in the op definition: Op<name=MapDataset; signature=input_dataset:variant, other_arguments: -> handle:variant; attr=f:func; attr=Targuments:list(type),min=0; 
attr=output_types:list(type),min=1; attr=output_shapes:list(shape),min=1; attr=use_inter_op_parallelism:bool,default=true; attr=preserve_cardinality:bool,default=false; attr=force_synchronous:bool,default=false; attr=metadata:string,default=""> This may be expected if your graph generating binary is newer  than 
this binary. Unknown attributes will be ignored. NodeDef: {{node ParallelMapDatasetV2/_15}}
[DailyLSTM] trial  0: MAE=3.7533 (16s)
E0000 00:00:1785810108.928183   13772 node_def_util.cc:682] NodeDef mentions attribute use_unbounded_threadpool which is not in the op definition: Op<name=MapDataset; signature=input_dataset:variant, other_arguments: -> handle:variant; attr=f:func; attr=Targuments:list(type),min=0; 
attr=output_types:list(type),min=1; attr=output_shapes:list(shape),min=1; attr=use_inter_op_parallelism:bool,default=true; attr=preserve_cardinality:bool,default=false; attr=force_synchronous:bool,default=false; attr=metadata:string,default=""> This may be expected if your graph generating binary is newer  than 
this binary. Unknown attributes will be ignored. NodeDef: {{node ParallelMapDatasetV2/_15}}
[DailyLSTM] trial  1: MAE=4.6346 (8s)
[DailyLSTM] trial  2: MAE=4.0988 (5s)
E0000 00:00:1785810114.255323   13772 node_def_util.cc:682] NodeDef mentions attribute use_unbounded_threadpool which is not in the op definition: Op<name=MapDataset; signature=input_dataset:variant, other_arguments: -> handle:variant; attr=f:func; attr=Targuments:list(type),min=0; 
attr=output_types:list(type),min=1; attr=output_shapes:list(shape),min=1; attr=use_inter_op_parallelism:bool,default=true; attr=preserve_cardinality:bool,default=false; attr=force_synchronous:bool,default=false; attr=metadata:string,default=""> This may be expected if your graph generating binary is newer  than 
this binary. Unknown attributes will be ignored. NodeDef: {{node ParallelMapDatasetV2/_16}}
E0000 00:00:1785810120.923885   13772 node_def_util.cc:682] NodeDef mentions attribute use_unbounded_threadpool which is not in the op definition: Op<name=MapDataset; signature=input_dataset:variant, other_arguments: -> handle:variant; attr=f:func; attr=Targuments:list(type),min=0; 
attr=output_types:list(type),min=1; attr=output_shapes:list(shape),min=1; attr=use_inter_op_parallelism:bool,default=true; attr=preserve_cardinality:bool,default=false; attr=force_synchronous:bool,default=false; attr=metadata:string,default=""> This may be expected if your graph generating binary is newer  than 
this binary. Unknown attributes will be ignored. NodeDef: {{node ParallelMapDatasetV2/_15}}
[DailyLSTM] trial  3: MAE=3.6897 (7s)
E0000 00:00:1785810127.354114   13772 node_def_util.cc:682] NodeDef mentions attribute use_unbounded_threadpool which is not in the op definition: Op<name=MapDataset; signature=input_dataset:variant, other_arguments: -> handle:variant; attr=f:func; attr=Targuments:list(type),min=0; 
attr=output_types:list(type),min=1; attr=output_shapes:list(shape),min=1; attr=use_inter_op_parallelism:bool,default=true; attr=preserve_cardinality:bool,default=false; attr=force_synchronous:bool,default=false; attr=metadata:string,default=""> This may be expected if your graph generating binary is newer  than 
this binary. Unknown attributes will be ignored. NodeDef: {{node ParallelMapDatasetV2/_15}}
[DailyLSTM] trial  4: MAE=3.8448 (6s)
[DailyLSTM] trial  5: MAE=3.0233 (4s)
E0000 00:00:1785810136.056131   13772 node_def_util.cc:682] NodeDef mentions attribute use_unbounded_threadpool which is not in the op definition: Op<name=MapDataset; signature=input_dataset:variant, other_arguments: -> handle:variant; attr=f:func; attr=Targuments:list(type),min=0; 
attr=output_types:list(type),min=1; attr=output_shapes:list(shape),min=1; attr=use_inter_op_parallelism:bool,default=true; attr=preserve_cardinality:bool,default=false; attr=force_synchronous:bool,default=false; attr=metadata:string,default=""> This may be expected if your graph generating binary is newer  than 
this binary. Unknown attributes will be ignored. NodeDef: {{node ParallelMapDatasetV2/_15}}
[DailyLSTM] trial  6: MAE=2.9214 (5s)
E0000 00:00:1785810144.819296   13772 node_def_util.cc:682] NodeDef mentions attribute use_unbounded_threadpool which is not in the op definition: Op<name=MapDataset; signature=input_dataset:variant, other_arguments: -> handle:variant; attr=f:func; attr=Targuments:list(type),min=0; 
attr=output_types:list(type),min=1; attr=output_shapes:list(shape),min=1; attr=use_inter_op_parallelism:bool,default=true; attr=preserve_cardinality:bool,default=false; attr=force_synchronous:bool,default=false; attr=metadata:string,default=""> This may be expected if your graph generating binary is newer  than 
this binary. Unknown attributes will be ignored. NodeDef: {{node ParallelMapDatasetV2/_15}}
[DailyLSTM] trial  7: MAE=3.2904 (9s)
E0000 00:00:1785810150.871473   13772 node_def_util.cc:682] NodeDef mentions attribute use_unbounded_threadpool which is not in the op definition: Op<name=MapDataset; signature=input_dataset:variant, other_arguments: -> handle:variant; attr=f:func; attr=Targuments:list(type),min=0; 
attr=output_types:list(type),min=1; attr=output_shapes:list(shape),min=1; attr=use_inter_op_parallelism:bool,default=true; attr=preserve_cardinality:bool,default=false; attr=force_synchronous:bool,default=false; attr=metadata:string,default=""> This may be expected if your graph generating binary is newer  than 
this binary. Unknown attributes will be ignored. NodeDef: {{node ParallelMapDatasetV2/_15}}
[DailyLSTM] trial  8: MAE=3.4722 (6s)
E0000 00:00:1785810160.899113   13772 node_def_util.cc:682] NodeDef mentions attribute use_unbounded_threadpool which is not in the op definition: Op<name=MapDataset; signature=input_dataset:variant, other_arguments: -> handle:variant; attr=f:func; attr=Targuments:list(type),min=0; 
attr=output_types:list(type),min=1; attr=output_shapes:list(shape),min=1; attr=use_inter_op_parallelism:bool,default=true; attr=preserve_cardinality:bool,default=false; attr=force_synchronous:bool,default=false; attr=metadata:string,default=""> This may be expected if your graph generating binary is newer  than 
this binary. Unknown attributes will be ignored. NodeDef: {{node ParallelMapDatasetV2/_15}}
[DailyLSTM] trial  9: MAE=3.7837 (10s)
E0000 00:00:1785810175.458794   13772 node_def_util.cc:682] NodeDef mentions attribute use_unbounded_threadpool which is not in the op definition: Op<name=MapDataset; signature=input_dataset:variant, other_arguments: -> handle:variant; attr=f:func; attr=Targuments:list(type),min=0; 
attr=output_types:list(type),min=1; attr=output_shapes:list(shape),min=1; attr=use_inter_op_parallelism:bool,default=true; attr=preserve_cardinality:bool,default=false; attr=force_synchronous:bool,default=false; attr=metadata:string,default=""> This may be expected if your graph generating binary is newer  than 
this binary. Unknown attributes will be ignored. NodeDef: {{node ParallelMapDatasetV2/_15}}
[DailyLSTM] trial 10: MAE=3.5886 (14s)
[DailyLSTM] trial 11: MAE=3.1781 (3s)
E0000 00:00:1785810181.384342   13772 node_def_util.cc:682] NodeDef mentions attribute use_unbounded_threadpool which is not in the op definition: Op<name=MapDataset; signature=input_dataset:variant, other_arguments: -> handle:variant; attr=f:func; attr=Targuments:list(type),min=0; 
attr=output_types:list(type),min=1; attr=output_shapes:list(shape),min=1; attr=use_inter_op_parallelism:bool,default=true; attr=preserve_cardinality:bool,default=false; attr=force_synchronous:bool,default=false; attr=metadata:string,default=""> This may be expected if your graph generating binary is newer  than 
this binary. Unknown attributes will be ignored. NodeDef: {{node ParallelMapDatasetV2/_15}}
[DailyLSTM] trial 12: MAE=4.3585 (3s)
E0000 00:00:1785810189.496000   13772 node_def_util.cc:682] NodeDef mentions attribute use_unbounded_threadpool which is not in the op definition: Op<name=MapDataset; signature=input_dataset:variant, other_arguments: -> handle:variant; attr=f:func; attr=Targuments:list(type),min=0; 
attr=output_types:list(type),min=1; attr=output_shapes:list(shape),min=1; attr=use_inter_op_parallelism:bool,default=true; attr=preserve_cardinality:bool,default=false; attr=force_synchronous:bool,default=false; attr=metadata:string,default=""> This may be expected if your graph generating binary is newer  than 
this binary. Unknown attributes will be ignored. NodeDef: {{node ParallelMapDatasetV2/_15}}
[DailyLSTM] trial 13: MAE=2.9221 (8s)
E0000 00:00:1785810198.059797   13772 node_def_util.cc:682] NodeDef mentions attribute use_unbounded_threadpool which is not in the op definition: Op<name=MapDataset; signature=input_dataset:variant, other_arguments: -> handle:variant; attr=f:func; attr=Targuments:list(type),min=0; 
attr=output_types:list(type),min=1; attr=output_shapes:list(shape),min=1; attr=use_inter_op_parallelism:bool,default=true; attr=preserve_cardinality:bool,default=false; attr=force_synchronous:bool,default=false; attr=metadata:string,default=""> This may be expected if your graph generating binary is newer  than 
this binary. Unknown attributes will be ignored. NodeDef: {{node ParallelMapDatasetV2/_15}}
[DailyLSTM] trial 14: MAE=3.2177 (8s)
E0000 00:00:1785810205.735228   13772 node_def_util.cc:682] NodeDef mentions attribute use_unbounded_threadpool which is not in the op definition: Op<name=MapDataset; signature=input_dataset:variant, other_arguments: -> handle:variant; attr=f:func; attr=Targuments:list(type),min=0; 
attr=output_types:list(type),min=1; attr=output_shapes:list(shape),min=1; attr=use_inter_op_parallelism:bool,default=true; attr=preserve_cardinality:bool,default=false; attr=force_synchronous:bool,default=false; attr=metadata:string,default=""> This may be expected if your graph generating binary is newer  than 
this binary. Unknown attributes will be ignored. NodeDef: {{node ParallelMapDatasetV2/_15}}
[DailyLSTM] trial 15: MAE=3.3719 (8s)
E0000 00:00:1785810215.911374   13772 node_def_util.cc:682] NodeDef mentions attribute use_unbounded_threadpool which is not in the op definition: Op<name=MapDataset; signature=input_dataset:variant, other_arguments: -> handle:variant; attr=f:func; attr=Targuments:list(type),min=0; 
attr=output_types:list(type),min=1; attr=output_shapes:list(shape),min=1; attr=use_inter_op_parallelism:bool,default=true; attr=preserve_cardinality:bool,default=false; attr=force_synchronous:bool,default=false; attr=metadata:string,default=""> This may be expected if your graph generating binary is newer  than 
this binary. Unknown attributes will be ignored. NodeDef: {{node ParallelMapDatasetV2/_15}}
[DailyLSTM] trial 16: MAE=3.0509 (10s)
E0000 00:00:1785810222.797429   13772 node_def_util.cc:682] NodeDef mentions attribute use_unbounded_threadpool which is not in the op definition: Op<name=MapDataset; signature=input_dataset:variant, other_arguments: -> handle:variant; attr=f:func; attr=Targuments:list(type),min=0; 
attr=output_types:list(type),min=1; attr=output_shapes:list(shape),min=1; attr=use_inter_op_parallelism:bool,default=true; attr=preserve_cardinality:bool,default=false; attr=force_synchronous:bool,default=false; attr=metadata:string,default=""> This may be expected if your graph generating binary is newer  than 
this binary. Unknown attributes will be ignored. NodeDef: {{node ParallelMapDatasetV2/_15}}
[DailyLSTM] trial 17: MAE=3.0333 (7s)
E0000 00:00:1785810232.456116   13772 node_def_util.cc:682] NodeDef mentions attribute use_unbounded_threadpool which is not in the op definition: Op<name=MapDataset; signature=input_dataset:variant, other_arguments: -> handle:variant; attr=f:func; attr=Targuments:list(type),min=0; 
attr=output_types:list(type),min=1; attr=output_shapes:list(shape),min=1; attr=use_inter_op_parallelism:bool,default=true; attr=preserve_cardinality:bool,default=false; attr=force_synchronous:bool,default=false; attr=metadata:string,default=""> This may be expected if your graph generating binary is newer  than 
this binary. Unknown attributes will be ignored. NodeDef: {{node ParallelMapDatasetV2/_15}}
[DailyLSTM] trial 18: MAE=3.3728 (10s)
E0000 00:00:1785810241.676587   13772 node_def_util.cc:682] NodeDef mentions attribute use_unbounded_threadpool which is not in the op definition: Op<name=MapDataset; signature=input_dataset:variant, other_arguments: -> handle:variant; attr=f:func; attr=Targuments:list(type),min=0; 
attr=output_types:list(type),min=1; attr=output_shapes:list(shape),min=1; attr=use_inter_op_parallelism:bool,default=true; attr=preserve_cardinality:bool,default=false; attr=force_synchronous:bool,default=false; attr=metadata:string,default=""> This may be expected if your graph generating binary is newer  than 
this binary. Unknown attributes will be ignored. NodeDef: {{node ParallelMapDatasetV2/_15}}
[DailyLSTM] trial 19: MAE=3.2940 (9s)
[DailyLSTM] trial 20: MAE=3.4677 (4s)
E0000 00:00:1785810249.313996   13772 node_def_util.cc:682] NodeDef mentions attribute use_unbounded_threadpool which is not in the op definition: Op<name=MapDataset; signature=input_dataset:variant, other_arguments: -> handle:variant; attr=f:func; attr=Targuments:list(type),min=0; 
attr=output_types:list(type),min=1; attr=output_shapes:list(shape),min=1; attr=use_inter_op_parallelism:bool,default=true; attr=preserve_cardinality:bool,default=false; attr=force_synchronous:bool,default=false; attr=metadata:string,default=""> This may be expected if your graph generating binary is newer  than 
this binary. Unknown attributes will be ignored. NodeDef: {{node ParallelMapDatasetV2/_15}}
[DailyLSTM] trial 21: MAE=3.0884 (4s)
[DailyLSTM] trial 22: MAE=3.5795 (5s)
E0000 00:00:1785810254.380440   13772 node_def_util.cc:682] NodeDef mentions attribute use_unbounded_threadpool which is not in the op definition: Op<name=MapDataset; signature=input_dataset:variant, other_arguments: -> handle:variant; attr=f:func; attr=Targuments:list(type),min=0; 
attr=output_types:list(type),min=1; attr=output_shapes:list(shape),min=1; attr=use_inter_op_parallelism:bool,default=true; attr=preserve_cardinality:bool,default=false; attr=force_synchronous:bool,default=false; attr=metadata:string,default=""> This may be expected if your graph generating binary is newer  than 
this binary. Unknown attributes will be ignored. NodeDef: {{node ParallelMapDatasetV2/_16}}
E0000 00:00:1785810260.359843   13772 node_def_util.cc:682] NodeDef mentions attribute use_unbounded_threadpool which is not in the op definition: Op<name=MapDataset; signature=input_dataset:variant, other_arguments: -> handle:variant; attr=f:func; attr=Targuments:list(type),min=0; 
attr=output_types:list(type),min=1; attr=output_shapes:list(shape),min=1; attr=use_inter_op_parallelism:bool,default=true; attr=preserve_cardinality:bool,default=false; attr=force_synchronous:bool,default=false; attr=metadata:string,default=""> This may be expected if your graph generating binary is newer  than 
this binary. Unknown attributes will be ignored. NodeDef: {{node ParallelMapDatasetV2/_15}}
[DailyLSTM] trial 23: MAE=3.2178 (6s)
[DailyLSTM] trial 24: MAE=2.9293 (5s)
E0000 00:00:1785810265.674048   13772 node_def_util.cc:682] NodeDef mentions attribute use_unbounded_threadpool which is not in the op definition: Op<name=MapDataset; signature=input_dataset:variant, other_arguments: -> handle:variant; attr=f:func; attr=Targuments:list(type),min=0; 
attr=output_types:list(type),min=1; attr=output_shapes:list(shape),min=1; attr=use_inter_op_parallelism:bool,default=true; attr=preserve_cardinality:bool,default=false; attr=force_synchronous:bool,default=false; attr=metadata:string,default=""> This may be expected if your graph generating binary is newer  than 
this binary. Unknown attributes will be ignored. NodeDef: {{node ParallelMapDatasetV2/_16}}
[DailyLSTM] trial 25: MAE=3.0653 (4s)
E0000 00:00:1785810277.011254   13772 node_def_util.cc:682] NodeDef mentions attribute use_unbounded_threadpool which is not in the op definition: Op<name=MapDataset; signature=input_dataset:variant, other_arguments: -> handle:variant; attr=f:func; attr=Targuments:list(type),min=0; 
attr=output_types:list(type),min=1; attr=output_shapes:list(shape),min=1; attr=use_inter_op_parallelism:bool,default=true; attr=preserve_cardinality:bool,default=false; attr=force_synchronous:bool,default=false; attr=metadata:string,default=""> This may be expected if your graph generating binary is newer  than 
this binary. Unknown attributes will be ignored. NodeDef: {{node ParallelMapDatasetV2/_15}}
[DailyLSTM] trial 26: MAE=3.0478 (7s)
[DailyLSTM] trial 27: MAE=3.4319 (4s)
E0000 00:00:1785810287.660356   13772 node_def_util.cc:682] NodeDef mentions attribute use_unbounded_threadpool which is not in the op definition: Op<name=MapDataset; signature=input_dataset:variant, other_arguments: -> handle:variant; attr=f:func; attr=Targuments:list(type),min=0; 
attr=output_types:list(type),min=1; attr=output_shapes:list(shape),min=1; attr=use_inter_op_parallelism:bool,default=true; attr=preserve_cardinality:bool,default=false; attr=force_synchronous:bool,default=false; attr=metadata:string,default=""> This may be expected if your graph generating binary is newer  than 
this binary. Unknown attributes will be ignored. NodeDef: {{node ParallelMapDatasetV2/_15}}
[DailyLSTM] trial 28: MAE=3.2063 (6s)
E0000 00:00:1785810298.859474   13772 node_def_util.cc:682] NodeDef mentions attribute use_unbounded_threadpool which is not in the op definition: Op<name=MapDataset; signature=input_dataset:variant, other_arguments: -> handle:variant; attr=f:func; attr=Targuments:list(type),min=0; 
attr=output_types:list(type),min=1; attr=output_shapes:list(shape),min=1; attr=use_inter_op_parallelism:bool,default=true; attr=preserve_cardinality:bool,default=false; attr=force_synchronous:bool,default=false; attr=metadata:string,default=""> This may be expected if your graph generating binary is newer  than 
this binary. Unknown attributes will be ignored. NodeDef: {{node ParallelMapDatasetV2/_15}}
[DailyLSTM] trial 29: MAE=3.3343 (11s)
[DailyLSTM] trial 30: MAE=3.1207 (4s)
E0000 00:00:1785810306.206323   13772 node_def_util.cc:682] NodeDef mentions attribute use_unbounded_threadpool which is not in the op definition: Op<name=MapDataset; signature=input_dataset:variant, other_arguments: -> handle:variant; attr=f:func; attr=Targuments:list(type),min=0; 
attr=output_types:list(type),min=1; attr=output_shapes:list(shape),min=1; attr=use_inter_op_parallelism:bool,default=true; attr=preserve_cardinality:bool,default=false; attr=force_synchronous:bool,default=false; attr=metadata:string,default=""> This may be expected if your graph generating binary is newer  than 
this binary. Unknown attributes will be ignored. NodeDef: {{node ParallelMapDatasetV2/_15}}
[DailyLSTM] trial 31: MAE=3.2545 (3s)
[DailyLSTM] trial 32: MAE=3.5349 (4s)
E0000 00:00:1785810316.134310   13772 node_def_util.cc:682] NodeDef mentions attribute use_unbounded_threadpool which is not in the op definition: Op<name=MapDataset; signature=input_dataset:variant, other_arguments: -> handle:variant; attr=f:func; attr=Targuments:list(type),min=0; 
attr=output_types:list(type),min=1; attr=output_shapes:list(shape),min=1; attr=use_inter_op_parallelism:bool,default=true; attr=preserve_cardinality:bool,default=false; attr=force_synchronous:bool,default=false; attr=metadata:string,default=""> This may be expected if your graph generating binary is newer  than 
this binary. Unknown attributes will be ignored. NodeDef: {{node ParallelMapDatasetV2/_15}}
[DailyLSTM] trial 33: MAE=3.6961 (5s)
[DailyLSTM] trial 34: MAE=3.4137 (3s)
E0000 00:00:1785810326.241504   13772 node_def_util.cc:682] NodeDef mentions attribute use_unbounded_threadpool which is not in the op definition: Op<name=MapDataset; signature=input_dataset:variant, other_arguments: -> handle:variant; attr=f:func; attr=Targuments:list(type),min=0; 
attr=output_types:list(type),min=1; attr=output_shapes:list(shape),min=1; attr=use_inter_op_parallelism:bool,default=true; attr=preserve_cardinality:bool,default=false; attr=force_synchronous:bool,default=false; attr=metadata:string,default=""> This may be expected if your graph generating binary is newer  than 
this binary. Unknown attributes will be ignored. NodeDef: {{node ParallelMapDatasetV2/_15}}
[DailyLSTM] trial 35: MAE=3.0894 (6s)
E0000 00:00:1785810332.227188   13772 node_def_util.cc:682] NodeDef mentions attribute use_unbounded_threadpool which is not in the op definition: Op<name=MapDataset; signature=input_dataset:variant, other_arguments: -> handle:variant; attr=f:func; attr=Targuments:list(type),min=0; 
attr=output_types:list(type),min=1; attr=output_shapes:list(shape),min=1; attr=use_inter_op_parallelism:bool,default=true; attr=preserve_cardinality:bool,default=false; attr=force_synchronous:bool,default=false; attr=metadata:string,default=""> This may be expected if your graph generating binary is newer  than 
this binary. Unknown attributes will be ignored. NodeDef: {{node ParallelMapDatasetV2/_15}}
[DailyLSTM] trial 36: MAE=3.8122 (6s)
[DailyLSTM] trial 37: MAE=3.7789 (3s)
E0000 00:00:1785810341.392027   13772 node_def_util.cc:682] NodeDef mentions attribute use_unbounded_threadpool which is not in the op definition: Op<name=MapDataset; signature=input_dataset:variant, other_arguments: -> handle:variant; attr=f:func; attr=Targuments:list(type),min=0; 
attr=output_types:list(type),min=1; attr=output_shapes:list(shape),min=1; attr=use_inter_op_parallelism:bool,default=true; attr=preserve_cardinality:bool,default=false; attr=force_synchronous:bool,default=false; attr=metadata:string,default=""> This may be expected if your graph generating binary is newer  than 
this binary. Unknown attributes will be ignored. NodeDef: {{node ParallelMapDatasetV2/_15}}
[DailyLSTM] trial 38: MAE=3.0432 (6s)
[DailyLSTM] trial 39: MAE=3.6806 (5s)
E0000 00:00:1785810346.463944   13772 node_def_util.cc:682] NodeDef mentions attribute use_unbounded_threadpool which is not in the op definition: Op<name=MapDataset; signature=input_dataset:variant, other_arguments: -> handle:variant; attr=f:func; attr=Targuments:list(type),min=0; 
attr=output_types:list(type),min=1; attr=output_shapes:list(shape),min=1; attr=use_inter_op_parallelism:bool,default=true; attr=preserve_cardinality:bool,default=false; attr=force_synchronous:bool,default=false; attr=metadata:string,default=""> This may be expected if your graph generating binary is newer  than 
this binary. Unknown attributes will be ignored. NodeDef: {{node ParallelMapDatasetV2/_16}}
E0000 00:00:1785810354.797620   13772 node_def_util.cc:682] NodeDef mentions attribute use_unbounded_threadpool which is not in the op definition: Op<name=MapDataset; signature=input_dataset:variant, other_arguments: -> handle:variant; attr=f:func; attr=Targuments:list(type),min=0; 
attr=output_types:list(type),min=1; attr=output_shapes:list(shape),min=1; attr=use_inter_op_parallelism:bool,default=true; attr=preserve_cardinality:bool,default=false; attr=force_synchronous:bool,default=false; attr=metadata:string,default=""> This may be expected if your graph generating binary is newer  than 
this binary. Unknown attributes will be ignored. NodeDef: {{node ParallelMapDatasetV2/_15}}
[DailyLSTM] trial 40: MAE=4.4737 (9s)
E0000 00:00:1785810361.265455   13772 node_def_util.cc:682] NodeDef mentions attribute use_unbounded_threadpool which is not in the op definition: Op<name=MapDataset; signature=input_dataset:variant, other_arguments: -> handle:variant; attr=f:func; attr=Targuments:list(type),min=0; 
attr=output_types:list(type),min=1; attr=output_shapes:list(shape),min=1; attr=use_inter_op_parallelism:bool,default=true; attr=preserve_cardinality:bool,default=false; attr=force_synchronous:bool,default=false; attr=metadata:string,default=""> This may be expected if your graph generating binary is newer  than 
this binary. Unknown attributes will be ignored. NodeDef: {{node ParallelMapDatasetV2/_15}}
[DailyLSTM] trial 41: MAE=3.0972 (6s)
E0000 00:00:1785810368.016692   13772 node_def_util.cc:682] NodeDef mentions attribute use_unbounded_threadpool which is not in the op definition: Op<name=MapDataset; signature=input_dataset:variant, other_arguments: -> handle:variant; attr=f:func; attr=Targuments:list(type),min=0; 
attr=output_types:list(type),min=1; attr=output_shapes:list(shape),min=1; attr=use_inter_op_parallelism:bool,default=true; attr=preserve_cardinality:bool,default=false; attr=force_synchronous:bool,default=false; attr=metadata:string,default=""> This may be expected if your graph generating binary is newer  than 
this binary. Unknown attributes will be ignored. NodeDef: {{node ParallelMapDatasetV2/_15}}
[DailyLSTM] trial 42: MAE=3.8006 (7s)
E0000 00:00:1785810375.021405   13772 node_def_util.cc:682] NodeDef mentions attribute use_unbounded_threadpool which is not in the op definition: Op<name=MapDataset; signature=input_dataset:variant, other_arguments: -> handle:variant; attr=f:func; attr=Targuments:list(type),min=0; 
attr=output_types:list(type),min=1; attr=output_shapes:list(shape),min=1; attr=use_inter_op_parallelism:bool,default=true; attr=preserve_cardinality:bool,default=false; attr=force_synchronous:bool,default=false; attr=metadata:string,default=""> This may be expected if your graph generating binary is newer  than 
this binary. Unknown attributes will be ignored. NodeDef: {{node ParallelMapDatasetV2/_15}}
[DailyLSTM] trial 43: MAE=3.3006 (7s)
E0000 00:00:1785810382.889871   13772 node_def_util.cc:682] NodeDef mentions attribute use_unbounded_threadpool which is not in the op definition: Op<name=MapDataset; signature=input_dataset:variant, other_arguments: -> handle:variant; attr=f:func; attr=Targuments:list(type),min=0; 
attr=output_types:list(type),min=1; attr=output_shapes:list(shape),min=1; attr=use_inter_op_parallelism:bool,default=true; attr=preserve_cardinality:bool,default=false; attr=force_synchronous:bool,default=false; attr=metadata:string,default=""> This may be expected if your graph generating binary is newer  than 
this binary. Unknown attributes will be ignored. NodeDef: {{node ParallelMapDatasetV2/_15}}
[DailyLSTM] trial 44: MAE=3.3620 (8s)
[DailyLSTM] trial 45: MAE=2.8987 (3s)
E0000 00:00:1785810388.970607   13772 node_def_util.cc:682] NodeDef mentions attribute use_unbounded_threadpool which is not in the op definition: Op<name=MapDataset; signature=input_dataset:variant, other_arguments: -> handle:variant; attr=f:func; attr=Targuments:list(type),min=0; 
attr=output_types:list(type),min=1; attr=output_shapes:list(shape),min=1; attr=use_inter_op_parallelism:bool,default=true; attr=preserve_cardinality:bool,default=false; attr=force_synchronous:bool,default=false; attr=metadata:string,default=""> This may be expected if your graph generating binary is newer  than 
this binary. Unknown attributes will be ignored. NodeDef: {{node ParallelMapDatasetV2/_15}}
[DailyLSTM] trial 46: MAE=3.0432 (3s)
E0000 00:00:1785810396.297603   13772 node_def_util.cc:682] NodeDef mentions attribute use_unbounded_threadpool which is not in the op definition: Op<name=MapDataset; signature=input_dataset:variant, other_arguments: -> handle:variant; attr=f:func; attr=Targuments:list(type),min=0; 
attr=output_types:list(type),min=1; attr=output_shapes:list(shape),min=1; attr=use_inter_op_parallelism:bool,default=true; attr=preserve_cardinality:bool,default=false; attr=force_synchronous:bool,default=false; attr=metadata:string,default=""> This may be expected if your graph generating binary is newer  than 
this binary. Unknown attributes will be ignored. NodeDef: {{node ParallelMapDatasetV2/_15}}
[DailyLSTM] trial 47: MAE=2.8965 (7s)
E0000 00:00:1785810403.815339   13772 node_def_util.cc:682] NodeDef mentions attribute use_unbounded_threadpool which is not in the op definition: Op<name=MapDataset; signature=input_dataset:variant, other_arguments: -> handle:variant; attr=f:func; attr=Targuments:list(type),min=0; 
attr=output_types:list(type),min=1; attr=output_shapes:list(shape),min=1; attr=use_inter_op_parallelism:bool,default=true; attr=preserve_cardinality:bool,default=false; attr=force_synchronous:bool,default=false; attr=metadata:string,default=""> This may be expected if your graph generating binary is newer  than 
this binary. Unknown attributes will be ignored. NodeDef: {{node ParallelMapDatasetV2/_15}}
[DailyLSTM] trial 48: MAE=3.0376 (8s)
E0000 00:00:1785810410.176376   13772 node_def_util.cc:682] NodeDef mentions attribute use_unbounded_threadpool which is not in the op definition: Op<name=MapDataset; signature=input_dataset:variant, other_arguments: -> handle:variant; attr=f:func; attr=Targuments:list(type),min=0; 
attr=output_types:list(type),min=1; attr=output_shapes:list(shape),min=1; attr=use_inter_op_parallelism:bool,default=true; attr=preserve_cardinality:bool,default=false; attr=force_synchronous:bool,default=false; attr=metadata:string,default=""> This may be expected if your graph generating binary is newer  than 
this binary. Unknown attributes will be ignored. NodeDef: {{node ParallelMapDatasetV2/_15}}
[DailyLSTM] trial 49: MAE=3.2690 (6s)
[DailyLSTM] best MAE=2.8965 -> C:\Users\win-10\Desktop\Thesis Project\Programming Workspace\configs\tuned\daily_lstm_params.yaml
